// Jest Snapshot v1, https://goo.gl/fbAQLP

exports[`should render Expenselist item 1`] = `
<div>
  <Link
    replace={false}
    to="/edit/1"
  >
    <h3>
      Gum
       
    </h3>
  </Link>
  <p>
    1.95
     - 
    01/01/70
     -
    Gum
  </p>
</div>
`;
